> A <- matrix(1:100, nrow = 10)
> A
      [,1] [,2] [,3] [,4] [,5] [,6] [,7] [,8] [,9] [,10]
 [1,]    1   11   21   31   41   51   61   71   81    91
 [2,]    2   12   22   32   42   52   62   72   82    92
 [3,]    3   13   23   33   43   53   63   73   83    93
 [4,]    4   14   24   34   44   54   64   74   84    94
 [5,]    5   15   25   35   45   55   65   75   85    95
 [6,]    6   16   26   36   46   56   66   76   86    96
 [7,]    7   17   27   37   47   57   67   77   87    97
 [8,]    8   18   28   38   48   58   68   78   88    98
 [9,]    9   19   29   39   49   59   69   79   89    99
[10,]   10   20   30   40   50   60   70   80   90   100
> B <- matrix(1:1000, nrow = 10)
> B
      [,1] [,2] [,3] [,4] [,5] [,6] [,7] [,8] [,9] [,10]
 [1,]    1   11   21   31   41   51   61   71   81    91
 [2,]    2   12   22   32   42   52   62   72   82    92
 [3,]    3   13   23   33   43   53   63   73   83    93
 [4,]    4   14   24   34   44   54   64   74   84    94
 [5,]    5   15   25   35   45   55   65   75   85    95
 [6,]    6   16   26   36   46   56   66   76   86    96
 [7,]    7   17   27   37   47   57   67   77   87    97
 [8,]    8   18   28   38   48   58   68   78   88    98
 [9,]    9   19   29   39   49   59   69   79   89    99
[10,]   10   20   30   40   50   60   70   80   90   100
      [,11] [,12] [,13] [,14] [,15] [,16] [,17] [,18] [,19]
 [1,]   101   111   121   131   141   151   161   171   181
 [2,]   102   112   122   132   142   152   162   172   182
 [3,]   103   113   123   133   143   153   163   173   183
 [4,]   104   114   124   134   144   154   164   174   184
 [5,]   105   115   125   135   145   155   165   175   185
 [6,]   106   116   126   136   146   156   166   176   186
 [7,]   107   117   127   137   147   157   167   177   187
 [8,]   108   118   128   138   148   158   168   178   188
 [9,]   109   119   129   139   149   159   169   179   189
[10,]   110   120   130   140   150   160   170   180   190
      [,20] [,21] [,22] [,23] [,24] [,25] [,26] [,27] [,28]
 [1,]   191   201   211   221   231   241   251   261   271
 [2,]   192   202   212   222   232   242   252   262   272
 [3,]   193   203   213   223   233   243   253   263   273
 [4,]   194   204   214   224   234   244   254   264   274
 [5,]   195   205   215   225   235   245   255   265   275
 [6,]   196   206   216   226   236   246   256   266   276
 [7,]   197   207   217   227   237   247   257   267   277
 [8,]   198   208   218   228   238   248   258   268   278
 [9,]   199   209   219   229   239   249   259   269   279
[10,]   200   210   220   230   240   250   260   270   280
      [,29] [,30] [,31] [,32] [,33] [,34] [,35] [,36] [,37]
 [1,]   281   291   301   311   321   331   341   351   361
 [2,]   282   292   302   312   322   332   342   352   362
 [3,]   283   293   303   313   323   333   343   353   363
 [4,]   284   294   304   314   324   334   344   354   364
 [5,]   285   295   305   315   325   335   345   355   365
 [6,]   286   296   306   316   326   336   346   356   366
 [7,]   287   297   307   317   327   337   347   357   367
 [8,]   288   298   308   318   328   338   348   358   368
 [9,]   289   299   309   319   329   339   349   359   369
[10,]   290   300   310   320   330   340   350   360   370
      [,38] [,39] [,40] [,41] [,42] [,43] [,44] [,45] [,46]
 [1,]   371   381   391   401   411   421   431   441   451
 [2,]   372   382   392   402   412   422   432   442   452
 [3,]   373   383   393   403   413   423   433   443   453
 [4,]   374   384   394   404   414   424   434   444   454
 [5,]   375   385   395   405   415   425   435   445   455
 [6,]   376   386   396   406   416   426   436   446   456
 [7,]   377   387   397   407   417   427   437   447   457
 [8,]   378   388   398   408   418   428   438   448   458
 [9,]   379   389   399   409   419   429   439   449   459
[10,]   380   390   400   410   420   430   440   450   460
      [,47] [,48] [,49] [,50] [,51] [,52] [,53] [,54] [,55]
 [1,]   461   471   481   491   501   511   521   531   541
 [2,]   462   472   482   492   502   512   522   532   542
 [3,]   463   473   483   493   503   513   523   533   543
 [4,]   464   474   484   494   504   514   524   534   544
 [5,]   465   475   485   495   505   515   525   535   545
 [6,]   466   476   486   496   506   516   526   536   546
 [7,]   467   477   487   497   507   517   527   537   547
 [8,]   468   478   488   498   508   518   528   538   548
 [9,]   469   479   489   499   509   519   529   539   549
[10,]   470   480   490   500   510   520   530   540   550
      [,56] [,57] [,58] [,59] [,60] [,61] [,62] [,63] [,64]
 [1,]   551   561   571   581   591   601   611   621   631
 [2,]   552   562   572   582   592   602   612   622   632
 [3,]   553   563   573   583   593   603   613   623   633
 [4,]   554   564   574   584   594   604   614   624   634
 [5,]   555   565   575   585   595   605   615   625   635
 [6,]   556   566   576   586   596   606   616   626   636
 [7,]   557   567   577   587   597   607   617   627   637
 [8,]   558   568   578   588   598   608   618   628   638
 [9,]   559   569   579   589   599   609   619   629   639
[10,]   560   570   580   590   600   610   620   630   640
      [,65] [,66] [,67] [,68] [,69] [,70] [,71] [,72] [,73]
 [1,]   641   651   661   671   681   691   701   711   721
 [2,]   642   652   662   672   682   692   702   712   722
 [3,]   643   653   663   673   683   693   703   713   723
 [4,]   644   654   664   674   684   694   704   714   724
 [5,]   645   655   665   675   685   695   705   715   725
 [6,]   646   656   666   676   686   696   706   716   726
 [7,]   647   657   667   677   687   697   707   717   727
 [8,]   648   658   668   678   688   698   708   718   728
 [9,]   649   659   669   679   689   699   709   719   729
[10,]   650   660   670   680   690   700   710   720   730
      [,74] [,75] [,76] [,77] [,78] [,79] [,80] [,81] [,82]
 [1,]   731   741   751   761   771   781   791   801   811
 [2,]   732   742   752   762   772   782   792   802   812
 [3,]   733   743   753   763   773   783   793   803   813
 [4,]   734   744   754   764   774   784   794   804   814
 [5,]   735   745   755   765   775   785   795   805   815
 [6,]   736   746   756   766   776   786   796   806   816
 [7,]   737   747   757   767   777   787   797   807   817
 [8,]   738   748   758   768   778   788   798   808   818
 [9,]   739   749   759   769   779   789   799   809   819
[10,]   740   750   760   770   780   790   800   810   820
      [,83] [,84] [,85] [,86] [,87] [,88] [,89] [,90] [,91]
 [1,]   821   831   841   851   861   871   881   891   901
 [2,]   822   832   842   852   862   872   882   892   902
 [3,]   823   833   843   853   863   873   883   893   903
 [4,]   824   834   844   854   864   874   884   894   904
 [5,]   825   835   845   855   865   875   885   895   905
 [6,]   826   836   846   856   866   876   886   896   906
 [7,]   827   837   847   857   867   877   887   897   907
 [8,]   828   838   848   858   868   878   888   898   908
 [9,]   829   839   849   859   869   879   889   899   909
[10,]   830   840   850   860   870   880   890   900   910
      [,92] [,93] [,94] [,95] [,96] [,97] [,98] [,99]
 [1,]   911   921   931   941   951   961   971   981
 [2,]   912   922   932   942   952   962   972   982
 [3,]   913   923   933   943   953   963   973   983
 [4,]   914   924   934   944   954   964   974   984
 [5,]   915   925   935   945   955   965   975   985
 [6,]   916   926   936   946   956   966   976   986
 [7,]   917   927   937   947   957   967   977   987
 [8,]   918   928   938   948   958   968   978   988
 [9,]   919   929   939   949   959   969   979   989
[10,]   920   930   940   950   960   970   980   990
      [,100]
 [1,]    991
 [2,]    992
 [3,]    993
 [4,]    994
 [5,]    995
 [6,]    996
 [7,]    997
 [8,]    998
 [9,]    999
[10,]   1000
> solve(A)
Error in solve.default(A) : 
  Lapack routine dgesv: system is exactly singular: U[6,6] = 0
> solve(B)
Error in solve.default(B) : 'a' (10 x 100) must be square
> a <- solve(t(A) %*% A) %*% t(A) %*% Y
Error in solve.default(t(A) %*% A) : 
  system is computationally singular: reciprocal condition number = 1.28899e-19
> a
Error: object 'a' not found
> b <- solve(t(B) %*% B) %*% t(B) %*% Y
Error in solve.default(t(B) %*% B) : 
  Lapack routine dgesv: system is exactly singular: U[21,21] = 0
> b
Error: object 'b' not found
> 
